9:41:46 PM [catalog] Curated recipe store initialized
[catalog:pages] Building 100 recipe pages (dryRun=false)ΓÇª
  Γ£ô chicken-parm (realism=100, hall=100)
npx :   Γ£ù steak-tacos: title promises a sauce but ingredients or steps lack sauce detail
At C:\Users\Mike\AppData\Local\Temp\ps-script-0de03f97-e7b6-4307-b425-6c7f94c5882f.ps1:78 char:58
+ ... l-Dinner-Gen"; npx tsx scripts/catalog-generate-pages.ts 2>&1 | Out-F ...
+                    ~~~~~~~~~~~~~~~~~~~~~~~~~~~~~~~~~~~~~~~~~~~~~~
    + CategoryInfo          : NotSpecified: (  Γ£ù steak-tac...ck sauce detail:String) [], RemoteException
    + FullyQualifiedErrorId : NativeCommandError
 
  Γ£ô smash-burgers (realism=100, hall=100)
  Γ£ô chili-garlic-bread (realism=100, hall=100)
  Γ£ô pulled-pork (realism=100, hall=100)
  Γ£ô beef-dip (realism=100, hall=100)
  Γ£ô jerk-chicken (realism=100, hall=100)
  Γ£ô bbq-chicken-bowls (realism=100, hall=100)
  Γ£ô steak-sandwiches (realism=100, hall=100)
  Γ£ô chicken-caesar (realism=100, hall=100)
  Γ£ô crispy-chicken-cutlets (realism=100, hall=100)
  Γ£ô loaded-nacho-skillet (realism=95, hall=100)
  Γ£ô meatball-hoagies (realism=100, hall=100)
  Γ£ô parm-hero-subs (realism=100, hall=100)
  Γ£ô hall-taco-bar (realism=95, hall=100)
  Γ£ô smoked-brisket (realism=100, hall=100)
  Γ£ô memphis-dry-rub-ribs (realism=100, hall=100)
  Γ£ô beer-can-chicken (realism=100, hall=100)
  Γ£ô ny-strip-herb-butter (realism=100, hall=100)
  Γ£ô bbq-chicken-sliders (realism=100, hall=100)
  Γ£ô grilled-pork-chops (realism=100, hall=100)
  Γ£ô smoked-wings-white-sauce (realism=100, hall=100)
  Γ£ô texas-beef-ribs (realism=100, hall=100)
  Γ£ô cedar-plank-salmon (realism=100, hall=100)
  Γ£ô honey-garlic-pork-tenderloin (realism=100, hall=100)
  Γ£ô flank-chimichurri (realism=100, hall=100)
  Γ£ô carolina-mustard-pork (realism=100, hall=100)
  Γ£ô grilled-corn-cotija (realism=100, hall=100)
  Γ£ô teriyaki-salmon-grill (realism=100, hall=100)
  Γ£ô bbq-brisket-burnt-ends (realism=100, hall=100)
  Γ£ô mac-and-cheese-bake (realism=100, hall=100)
  Γ£ô shepherds-pie (realism=100, hall=100)
  Γ£ô meatloaf-mashed (realism=100, hall=100)
  Γ£ô chicken-pot-pie (realism=100, hall=100)
  Γ£ô beef-stroganoff (realism=100, hall=100)
  Γ£ô loaded-baked-potato-bar (realism=100, hall=100)
  Γ£ô creamy-tuscan-chicken (realism=100, hall=100)
  Γ£ô philly-cheesesteak-skillet (realism=95, hall=100)
  Γ£ô sausage-peppers-onions (realism=100, hall=100)
  Γ£ô beef-barley-soup (realism=100, hall=100)
  Γ£ô baked-ziti (realism=100, hall=100)
  Γ£ô chicken-dumpling-soup (realism=100, hall=100)
  Γ£ô lemon-herb-salmon (realism=100, hall=100)
  Γ£ô greek-chicken-bowls (realism=95, hall=100)
  Γ£ô turkey-chili (realism=100, hall=100)
  Γ£ô sheet-pan-fajitas (realism=90, hall=100)
  Γ£ô stuffed-peppers (realism=100, hall=100)
  Γ£ô chicken-souvlaki (realism=100, hall=100)
  Γ£ô turkey-burgers (realism=100, hall=100)
  Γ£ô ginger-salmon-bowls (realism=100, hall=100)
  Γ£ô mediterranean-chickpea (realism=95, hall=100)
  Γ£ô turkey-meatball-zoodles (realism=100, hall=100)
  Γ£ô performance-burrito-bowls (realism=95, hall=100)
  Γ£ô herb-roasted-thighs (realism=100, hall=100)
  Γ£ô garlic-butter-shrimp (realism=100, hall=100)
  Γ£ô sheet-pan-sausage-peppers (realism=95, hall=100)
  Γ£ô skillet-chicken-alfredo (realism=95, hall=100)
  Γ£ô beef-broccoli (realism=95, hall=100)
  Γ£ô chicken-tikka-masala (realism=100, hall=100)
  Γ£ô fast-philly-skillet (realism=95, hall=100)
  Γ£ô pork-carnitas-tacos (realism=94, hall=100)
  Γ£ô chicken-quesadillas (realism=95, hall=100)
  Γ£ô chili-mac (realism=100, hall=100)
  Γ£ô pad-thai (realism=100, hall=100)
  Γ£ô pepperoni-pizza-night (realism=100, hall=98)
  Γ£ô detroit-style-pizza (realism=100, hall=98)
  Γ£ô bbq-chicken-pizza (realism=100, hall=100)
  Γ£ô white-garlic-chicken-pizza (realism=100, hall=100)
  Γ£ô meat-lovers-sheet-pizza (realism=95, hall=98)
  Γ£ô margherita-pizza (realism=100, hall=98)
  Γ£ô honey-soppressata-pizza (realism=100, hall=98)
  Γ£ô breakfast-sausage-pizza (realism=100, hall=98)
  Γ£ô batch-lasagna (realism=100, hall=100)
  Γ£ô pulled-pork-mac (realism=100, hall=100)
  Γ£ô chicken-alfredo-bake (realism=100, hall=100)
  Γ£ô big-chili (realism=100, hall=100)
  Γ£ô enchilada-casserole (realism=95, hall=100)
  Γ£ô sausage-egg-bake (realism=100, hall=100)
  Γ£ô jambalaya (realism=100, hall=100)
  Γ£ô loaded-potato-feed (realism=100, hall=100)
  Γ£ô breakfast-burrito-bar (realism=95, hall=98)
  Γ£ô pancake-short-stack (realism=100, hall=98)
  Γ£ô bacon-egg-hash (realism=95, hall=98)
  Γ£ô french-toast-casserole (realism=100, hall=98)
  Γ£ô chorizo-breakfast-tacos (realism=95, hall=100)
  Γ£ô biscuits-gravy (realism=100, hall=98)
  Γ£ô thai-basil-chicken (realism=95, hall=99)
  Γ£ô bulgogi-bowls (realism=95, hall=98)
  Γ£ô butter-chicken (realism=100, hall=99)
  Γ£ô street-corn-chicken (realism=95, hall=100)
  Γ£ô moroccan-meatballs (realism=100, hall=96)
  Γ£ô teriyaki-donburi (realism=100, hall=100)
  Γ£ô game-day-nachos (realism=95, hall=100)
  Γ£ô buffalo-chicken-dip (realism=100, hall=100)
  Γ£ô slider-bar (realism=100, hall=100)
  Γ£ô philly-egg-rolls (realism=100, hall=100)
  Γ£ô sunday-chili-batch (realism=100, hall=100)
  Γ£ô sheet-pan-meal-prep (realism=95, hall=100)
  Γ£ô one-pot-chicken-rice (realism=95, hall=100)
  Γ£ô five-ingredient-pasta (realism=95, hall=100)

[catalog:pages] Wrote index ΓåÆ C:\Users\Mike\OneDrive\Desktop\Firehall-Dinner-Gen\client\public\catalog\golden-100\index.json

[catalog:pages] done ΓÇö ok=100 fail=1
